
 RUN  v3.2.6 /home/joaocarlos/Documentos/engenharia-de-soft/controle-de-estoque-para-ongs/frontend
      Coverage enabled with v8

stderr | src/__tests__/HistoryPage.test.jsx > HistoryPage — carregamento e erro > exibe mensagem de erro quando alguma API falha
SyntaxError: Unexpected end of JSON input
    at JSON.parse (<anonymous>)
[90m    at parseJSONFromBytes (node:internal/deps/undici/undici:5880:19)[39m
[90m    at successSteps (node:internal/deps/undici/undici:5861:27)[39m
[90m    at consumeBody (node:internal/deps/undici/undici:5867:9)[39m
[90m    at FetchResponse.json (node:internal/deps/undici/undici:5807:18)[39m
    at fetchHistory [90m(/home/joaocarlos/Documentos/engenharia-de-soft/controle-de-estoque-para-ongs/frontend/[39msrc/HistoryPage.jsx:29:42[90m)[39m
[90m    at processTicksAndRejections (node:internal/process/task_queues:95:5)[39m

stdout | src/__tests__/LoginPage.test.jsx > LoginPage > exibe mensagem de erro quando o servidor não responde
{"email":"admin@ong.org","password":"senha123"}

stderr | src/__tests__/LoginPage.test.jsx > LoginPage > exibe mensagem de erro quando o servidor não responde
TypeError: Failed to fetch
    at createNetworkError [90m(file:///home/joaocarlos/Documentos/engenharia-de-soft/controle-de-estoque-para-ongs/frontend/[39mnode_modules/[4m@mswjs/interceptors[24m/src/interceptors/fetch/utils/createNetworkError.ts:2:24[90m)[39m
    at Object.respondWith [90m(file:///home/joaocarlos/Documentos/engenharia-de-soft/controle-de-estoque-para-ongs/frontend/[39mnode_modules/[4m@mswjs/interceptors[24m/src/interceptors/fetch/index.ts:105:36[90m)[39m
    at RequestController.respondWith [90m(file:///home/joaocarlos/Documentos/engenharia-de-soft/controle-de-estoque-para-ongs/frontend/[39mnode_modules/[4m@mswjs/interceptors[24m/src/RequestController.ts:83:17[90m)[39m
    at InterceptorHttpNetworkFrame.respondWith [90m(file:///home/joaocarlos/Documentos/engenharia-de-soft/controle-de-estoque-para-ongs/frontend/[39mnode_modules/[4mmsw[24m/src/core/experimental/sources/interceptor-source.ts:146:24[90m)[39m
    at InterceptorHttpNetworkFrame.resolve [90m(file:///home/joaocarlos/Documentos/engenharia-de-soft/controle-de-estoque-para-ongs/frontend/[39mnode_modules/[4mmsw[24m/src/core/experimental/frames/http-frame.ts:260:10[90m)[39m
    at Emitter.<anonymous> [90m(file:///home/joaocarlos/Documentos/engenharia-de-soft/controle-de-estoque-para-ongs/frontend/[39mnode_modules/[4mmsw[24m/src/core/experimental/define-network.ts:204:11[90m)[39m
    at Emitter.emitAsPromise [90m(file:///home/joaocarlos/Documentos/engenharia-de-soft/controle-de-estoque-para-ongs/frontend/[39mnode_modules/[4mrettime[24m/src/index.ts:615:27[90m)[39m
    at InterceptorSource.queue [90m(file:///home/joaocarlos/Documentos/engenharia-de-soft/controle-de-estoque-para-ongs/frontend/[39mnode_modules/[4mmsw[24m/src/core/experimental/sources/network-source.ts:39:5[90m)[39m
    at InterceptorSource.#handleRequest [90m(file:///home/joaocarlos/Documentos/engenharia-de-soft/controle-de-estoque-para-ongs/frontend/[39mnode_modules/[4mmsw[24m/src/core/experimental/sources/interceptor-source.ts:73:5[90m)[39m
    at emitAsync [90m(file:///home/joaocarlos/Documentos/engenharia-de-soft/controle-de-estoque-para-ongs/frontend/[39mnode_modules/[4m@mswjs/interceptors[24m/src/utils/emitAsync.ts:23:5[90m)[39m {
  cause: Response {
    status: [33m0[39m,
    statusText: [32m''[39m,
    headers: Headers {},
    body: [1mnull[22m,
    bodyUsed: [33mfalse[39m,
    ok: [33mfalse[39m,
    redirected: [33mfalse[39m,
    type: [32m'error'[39m,
    url: [32m''[39m
  }
}

 ✓ src/__tests__/LoginPage.test.jsx (6 tests) 1002ms
 ✓ src/__tests__/HistoryPage.test.jsx (11 tests) 1037ms
 ✓ src/__tests__/App.test.jsx (7 tests) 1733ms
   ✓ App — fluxo de navegação > navega para o StockOverview após login bem-sucedido  352ms
   ✓ App — fluxo de navegação > navega para a página de Itens a partir do StockOverview  371ms
 ✓ src/__tests__/DonationsPage.test.jsx (26 tests) 1977ms
 ✓ src/__tests__/ItemsPage.test.jsx (23 tests) 2176ms
 ✓ src/__tests__/BatchesPage.test.jsx (27 tests) 2248ms

 Test Files  6 passed (6)
      Tests  100 passed (100)
   Start at  18:28:36
   Duration  3.59s (transform 375ms, setup 1.33s, collect 1.41s, tests 10.17s, environment 2.72s, prepare 497ms)

 % Coverage report from v8
-------------------|---------|----------|---------|---------|-------------------
File               | % Stmts | % Branch | % Funcs | % Lines | Uncovered Line #s 
-------------------|---------|----------|---------|---------|-------------------
All files          |   89.94 |     83.6 |   74.25 |   89.94 |                   
 src               |   89.94 |     83.6 |   74.25 |   89.94 |                   
  App.jsx          |     100 |    94.44 |   77.77 |     100 | 18                
  BatchesPage.jsx  |   95.63 |    83.92 |    82.6 |   95.63 | ...69-170,180-183 
  ...tionsPage.jsx |   70.48 |    76.71 |   56.25 |   70.48 | ...35-337,346-394 
  HistoryPage.jsx  |     100 |    88.63 |   83.33 |     100 | 33,37,65-67,183   
  ItemsPage.jsx    |      97 |    86.53 |   85.71 |      97 | ...15-216,446-451 
  LoginPage.jsx    |     100 |      100 |     100 |     100 |                   
  ...kOverview.jsx |    90.5 |    73.68 |      60 |    90.5 | ...82,240-250,264 
 src/config        |     100 |      100 |     100 |     100 |                   
  api.js           |     100 |      100 |     100 |     100 |                   
-------------------|---------|----------|---------|---------|-------------------
ERROR: Coverage for functions (74.25%) does not meet global threshold (80%)
